Archive member included to satisfy reference by file (symbol)

C:/ST/STM32CubeIDE_1.15.1/STM32CubeIDE/plugins/com.st.stm32cube.ide.mcu.externaltools.gnu-tools-for-stm32.12.3.rel1.win32_1.0.200.202406191623/tools/bin/../lib/gcc/arm-none-eabi/12.3.1/../../../../arm-none-eabi/lib/thumb/v7e-m+fp/hard\libc_nano.a(libc_a-exit.o)
                              C:/ST/STM32CubeIDE_1.15.1/STM32CubeIDE/plugins/com.st.stm32cube.ide.mcu.externaltools.gnu-tools-for-stm32.12.3.rel1.win32_1.0.200.202406191623/tools/bin/../lib/gcc/arm-none-eabi/12.3.1/../../../../arm-none-eabi/lib/thumb/v7e-m+fp/hard/crt0.o (exit)
C:/ST/STM32CubeIDE_1.15.1/STM32CubeIDE/plugins/com.st.stm32cube.ide.mcu.externaltools.gnu-tools-for-stm32.12.3.rel1.win32_1.0.200.202406191623/tools/bin/../lib/gcc/arm-none-eabi/12.3.1/../../../../arm-none-eabi/lib/thumb/v7e-m+fp/hard\libc_nano.a(libc_a-findfp.o)
                              C:/ST/STM32CubeIDE_1.15.1/STM32CubeIDE/plugins/com.st.stm32cube.ide.mcu.externaltools.gnu-tools-for-stm32.12.3.rel1.win32_1.0.200.202406191623/tools/bin/../lib/gcc/arm-none-eabi/12.3.1/../../../../arm-none-eabi/lib/thumb/v7e-m+fp/hard\libc_nano.a(libc_a-exit.o) (__stdio_exit_handler)
C:/ST/STM32CubeIDE_1.15.1/STM32CubeIDE/plugins/com.st.stm32cube.ide.mcu.externaltools.gnu-tools-for-stm32.12.3.rel1.win32_1.0.200.202406191623/tools/bin/../lib/gcc/arm-none-eabi/12.3.1/../../../../arm-none-eabi/lib/thumb/v7e-m+fp/hard\libc_nano.a(libc_a-fwalk.o)
                              C:/ST/STM32CubeIDE_1.15.1/STM32CubeIDE/plugins/com.st.stm32cube.ide.mcu.externaltools.gnu-tools-for-stm32.12.3.rel1.win32_1.0.200.202406191623/tools/bin/../lib/gcc/arm-none-eabi/12.3.1/../../../../arm-none-eabi/lib/thumb/v7e-m+fp/hard\libc_nano.a(libc_a-findfp.o) (_fwalk_sglue)
C:/ST/STM32CubeIDE_1.15.1/STM32CubeIDE/plugins/com.st.stm32cube.ide.mcu.externaltools.gnu-tools-for-stm32.12.3.rel1.win32_1.0.200.202406191623/tools/bin/../lib/gcc/arm-none-eabi/12.3.1/../../../../arm-none-eabi/lib/thumb/v7e-m+fp/hard\libc_nano.a(libc_a-stdio.o)
                              C:/ST/STM32CubeIDE_1.15.1/STM32CubeIDE/plugins/com.st.stm32cube.ide.mcu.externaltools.gnu-tools-for-stm32.12.3.rel1.win32_1.0.200.202406191623/tools/bin/../lib/gcc/arm-none-eabi/12.3.1/../../../../arm-none-eabi/lib/thumb/v7e-m+fp/hard\libc_nano.a(libc_a-findfp.o) (__sread)
C:/ST/STM32CubeIDE_1.15.1/STM32CubeIDE/plugins/com.st.stm32cube.ide.mcu.externaltools.gnu-tools-for-stm32.12.3.rel1.win32_1.0.200.202406191623/tools/bin/../lib/gcc/arm-none-eabi/12.3.1/../../../../arm-none-eabi/lib/thumb/v7e-m+fp/hard\libc_nano.a(libc_a-memset.o)
                              C:/ST/STM32CubeIDE_1.15.1/STM32CubeIDE/plugins/com.st.stm32cube.ide.mcu.externaltools.gnu-tools-for-stm32.12.3.rel1.win32_1.0.200.202406191623/tools/bin/../lib/gcc/arm-none-eabi/12.3.1/../../../../arm-none-eabi/lib/thumb/v7e-m+fp/hard/crt0.o (memset)
C:/ST/STM32CubeIDE_1.15.1/STM32CubeIDE/plugins/com.st.stm32cube.ide.mcu.externaltools.gnu-tools-for-stm32.12.3.rel1.win32_1.0.200.202406191623/tools/bin/../lib/gcc/arm-none-eabi/12.3.1/../../../../arm-none-eabi/lib/thumb/v7e-m+fp/hard\libc_nano.a(libc_a-closer.o)
                              C:/ST/STM32CubeIDE_1.15.1/STM32CubeIDE/plugins/com.st.stm32cube.ide.mcu.externaltools.gnu-tools-for-stm32.12.3.rel1.win32_1.0.200.202406191623/tools/bin/../lib/gcc/arm-none-eabi/12.3.1/../../../../arm-none-eabi/lib/thumb/v7e-m+fp/hard\libc_nano.a(libc_a-stdio.o) (_close_r)
C:/ST/STM32CubeIDE_1.15.1/STM32CubeIDE/plugins/com.st.stm32cube.ide.mcu.externaltools.gnu-tools-for-stm32.12.3.rel1.win32_1.0.200.202406191623/tools/bin/../lib/gcc/arm-none-eabi/12.3.1/../../../../arm-none-eabi/lib/thumb/v7e-m+fp/hard\libc_nano.a(libc_a-reent.o)
                              C:/ST/STM32CubeIDE_1.15.1/STM32CubeIDE/plugins/com.st.stm32cube.ide.mcu.externaltools.gnu-tools-for-stm32.12.3.rel1.win32_1.0.200.202406191623/tools/bin/../lib/gcc/arm-none-eabi/12.3.1/../../../../arm-none-eabi/lib/thumb/v7e-m+fp/hard\libc_nano.a(libc_a-closer.o) (errno)
C:/ST/STM32CubeIDE_1.15.1/STM32CubeIDE/plugins/com.st.stm32cube.ide.mcu.externaltools.gnu-tools-for-stm32.12.3.rel1.win32_1.0.200.202406191623/tools/bin/../lib/gcc/arm-none-eabi/12.3.1/../../../../arm-none-eabi/lib/thumb/v7e-m+fp/hard\libc_nano.a(libc_a-impure.o)
                              C:/ST/STM32CubeIDE_1.15.1/STM32CubeIDE/plugins/com.st.stm32cube.ide.mcu.externaltools.gnu-tools-for-stm32.12.3.rel1.win32_1.0.200.202406191623/tools/bin/../lib/gcc/arm-none-eabi/12.3.1/../../../../arm-none-eabi/lib/thumb/v7e-m+fp/hard\libc_nano.a(libc_a-reent.o) (_impure_ptr)
C:/ST/STM32CubeIDE_1.15.1/STM32CubeIDE/plugins/com.st.stm32cube.ide.mcu.externaltools.gnu-tools-for-stm32.12.3.rel1.win32_1.0.200.202406191623/tools/bin/../lib/gcc/arm-none-eabi/12.3.1/../../../../arm-none-eabi/lib/thumb/v7e-m+fp/hard\libc_nano.a(libc_a-lseekr.o)
[...]
Memory Configuration

Name             Origin             Length             Attributes
RAM              0x20000000         0x00020000         xrw
FLASH            0x08000000         0x00080000         xr
*default*        0x00000000         0xffffffff

Linker script and memory map

LOAD C:/ST/STM32CubeIDE_1.15.1/STM32CubeIDE/plugins/com.st.stm32cube.ide.mcu.externaltools.gnu-tools-for-stm32.12.3.rel1.win32_1.0.200.202406191623/tools/bin/../lib/gcc/arm-none-eabi/12.3.1/thumb/v7e-m+fp/hard/crti.o
LOAD C:/ST/STM32CubeIDE_1.15.1/STM32CubeIDE/plugins/com.st.stm32cube.ide.mcu.externaltools.gnu-tools-for-stm32.12.3.rel1.win32_1.0.200.202406191623/tools/bin/../lib/gcc/arm-none-eabi/12.3.1/thumb/v7e-m+fp/hard/crtbegin.o
LOAD C:/ST/STM32CubeIDE_1.15.1/STM32CubeIDE/plugins/com.st.stm32cube.ide.mcu.externaltools.gnu-tools-for-stm32.12.3.rel1.win32_1.0.200.202406191623/tools/bin/../lib/gcc/arm-none-eabi/12.3.1/../../../../arm-none-eabi/lib/thumb/v7e-m+fp/hard/crt0.o
LOAD ./Src/adc.o
LOAD ./Src/gpio.o
LOAD ./Src/main.o
LOAD ./Src/syscalls.o
LOAD ./Src/sysmem.o
LOAD ./Src/uart.o
LOAD ./Startup/startup_stm32f446retx.o
START GROUP
LOAD C:/ST/STM32CubeIDE_1.15.1/STM32CubeIDE/plugins/com.st.stm32cube.ide.mcu.externaltools.gnu-tools-for-stm32.12.3.rel1.win32_1.0.200.202406191623/tools/bin/../lib/gcc/arm-none-eabi/12.3.1/../../../../arm-none-eabi/lib/thumb/v7e-m+fp/hard\libc_nano.a
LOAD C:/ST/STM32CubeIDE_1.15.1/STM32CubeIDE/plugins/com.st.stm32cube.ide.mcu.externaltools.gnu-tools-for-stm32.12.3.rel1.win32_1.0.200.202406191623/tools/bin/../lib/gcc/arm-none-eabi/12.3.1/../../../../arm-none-eabi/lib/thumb/v7e-m+fp/hard\libm.a
END GROUP
START GROUP
LOAD C:/ST/STM32CubeIDE_1.15.1/STM32CubeIDE/plugins/com.st.stm32cube.ide.mcu.externaltools.gnu-tools-for-stm32.12.3.rel1.win32_1.0.200.202406191623/tools/bin/../lib/gcc/arm-none-eabi/12.3.1/thumb/v7e-m+fp/hard\libgcc.a
LOAD C:/ST/STM32CubeIDE_1.15.1/STM32CubeIDE/plugins/com.st.stm32cube.ide.mcu.externaltools.gnu-tools-for-stm32.12.3.rel1.win32_1.0.200.202406191623/tools/bin/../lib/gcc/arm-none-eabi/12.3.1/../../../../arm-none-eabi/lib/thumb/v7e-m+fp/hard\libc_nano.a
END GROUP
START GROUP
LOAD C:/ST/STM32CubeIDE_1.15.1/STM32CubeIDE/plugins/com.st.stm32cube.ide.mcu.externaltools.gnu-tools-for-stm32.12.3.rel1.win32_1.0.200.202406191623/tools/bin/../lib/gcc/arm-none-eabi/12.3.1/thumb/v7e-m+fp/hard\libgcc.a
LOAD C:/ST/STM32CubeIDE_1.15.1/STM32CubeIDE/plugins/com.st.stm32cube.ide.mcu.externaltools.gnu-tools-for-stm32.12.3.rel1.win32_1.0.200.202406191623/tools/bin/../lib/gcc/arm-none-eabi/12.3.1/../../../../arm-none-eabi/lib/thumb/v7e-m+fp/hard\libc_nano.a
LOAD C:/ST/STM32CubeIDE_1.15.1/STM32CubeIDE/plugins/com.st.stm32cube.ide.mcu.externaltools.gnu-tools-for-stm32.12.3.rel1.win32_1.0.200.202406191623/tools/bin/../lib/gcc/arm-none-eabi/12.3.1/../../../../arm-none-eabi/lib/thumb/v7e-m+fp/hard\libnosys.a
END GROUP
START GROUP
LOAD C:/ST/STM32CubeIDE_1.15.1/STM32CubeIDE/plugins/com.st.stm32cube.ide.mcu.externaltools.gnu-tools-for-stm32.12.3.rel1.win32_1.0.200.202406191623/tools/bin/../lib/gcc/arm-none-eabi/12.3.1/thumb/v7e-m+fp/hard\libgcc.a
LOAD C:/ST/STM32CubeIDE_1.15.1/STM32CubeIDE/plugins/com.st.stm32cube.ide.mcu.externaltools.gnu-tools-for-stm32.12.3.rel1.win32_1.0.200.202406191623/tools/bin/../lib/gcc/arm-none-eabi/12.3.1/../../../../arm-none-eabi/lib/thumb/v7e-m+fp/hard\libc_nano.a
LOAD C:/ST/STM32CubeIDE_1.15.1/STM32CubeIDE/plugins/com.st.stm32cube.ide.mcu.externaltools.gnu-tools-for-stm32.12.3.rel1.win32_1.0.200.202406191623/tools/bin/../lib/gcc/arm-none-eabi/12.3.1/../../../../arm-none-eabi/lib/thumb/v7e-m+fp/hard\libnosys.a
END GROUP
LOAD C:/ST/STM32CubeIDE_1.15.1/STM32CubeIDE/plugins/com.st.stm32cube.ide.mcu.externaltools.gnu-tools-for-stm32.12.3.rel1.win32_1.0.200.202406191623/tools/bin/../lib/gcc/arm-none-eabi/12.3.1/thumb/v7e-m+fp/hard/crtend.o
LOAD C:/ST/STM32CubeIDE_1.15.1/STM32CubeIDE/plugins/com.st.stm32cube.ide.mcu.externaltools.gnu-tools-for-stm32.12.3.rel1.win32_1.0.200.202406191623/tools/bin/../lib/gcc/arm-none-eabi/12.3.1/thumb/v7e-m+fp/hard/crtn.o
                0x20020000                        _estack = (ORIGIN (RAM) + LENGTH (RAM))
                0x00000200                        _Min_Heap_Size = 0x200
                0x00000400                        _Min_Stack_Size = 0x400

.isr_vector     0x08000000      0x1c4
                0x08000000                        . = ALIGN (0x4)
 *(.isr_vector)
 .isr_vector    0x08000000      0x1c4 ./Startup/startup_stm32f446retx.o
                0x08000000                g_pfnVectors
                0x080001c4                        . = ALIGN (0x4)

.text           0x080001c4      0x428
                0x080001c4                        . = ALIGN (0x4)
 *(.text)
 .text          0x080001c4       0x40 C:/ST/STM32CubeIDE_1.15.1/STM32CubeIDE/plugins/com.st.stm32cube.ide.mcu.externaltools.gnu-tools-for-stm32.12.3.rel1.win32_1.0.200.202406191623/tools/bin/../lib/gcc/arm-none-eabi/12.3.1/thumb/v7e-m+fp/hard/crtbegin.o
 *(.text*)
 .text.pc9_adc_init
                0x08000204       0x7c ./Src/adc.o
                0x08000204                pc9_adc_init
 .text.start_con
                0x08000280       0x20 ./Src/adc.o
                0x08000280                start_con
 .text.adc_read
                0x080002a0       0x24 ./Src/adc.o
                0x080002a0                adc_read
 .text.gpio_init
                0x080002c4       0x70 ./Src/gpio.o
                0x080002c4                gpio_init
 .text.delay_ms
                0x08000334       0x3e ./Src/gpio.o
                0x08000334                delay_ms
 *fill*         0x08000372        0x2 
 .text.main     0x08000374       0xec ./Src/main.o
                0x08000374                main
 .text.uart1_tx_init
                0x08000460       0x44 ./Src/uart.o
                0x08000460                uart1_tx_init
 .text.uart3_rx_init
                0x080004a4       0x44 ./Src/uart.o
                0x080004a4                uart3_rx_init
 .text.uart_send_data
                0x080004e8       0x50 ./Src/uart.o
                0x080004e8                uart_send_data
 .text.Reset_Handler
                0x08000538       0x50 ./Startup/startup_stm32f446retx.o
                0x08000538                Reset_Handler
 .text.Default_Handler
                0x08000588        0x2 ./Startup/startup_stm32f446retx.o
                0x08000588                RTC_Alarm_IRQHandler
                0x08000588                EXTI2_IRQHandler
                0x08000588                TIM8_CC_IRQHandler
                0x08000588                SPDIF_Rx_IRQHandler
                0x08000588                DebugMon_Handler
                0x08000588                SPI4_IRQHandler
                0x08000588                TIM1_CC_IRQHandler
                0x08000588                QuadSPI_IRQHandler
                0x08000588                DMA2_Stream5_IRQHandler
                0x08000588                HardFault_Handler
                0x08000588                DMA1_Stream5_IRQHandler
                0x08000588                SysTick_Handler
                0x08000588                PVD_IRQHandler
                0x08000588                SDIO_IRQHandler
                0x08000588                TAMP_STAMP_IRQHandler
                0x08000588                PendSV_Handler
                0x08000588                NMI_Handler
                0x08000588                CAN2_RX1_IRQHandler
                0x08000588                EXTI3_IRQHandler
                0x08000588                TIM8_TRG_COM_TIM14_IRQHandler
                0x08000588                TIM1_UP_TIM10_IRQHandler
                0x08000588                FMPI2C1_error_IRQHandler
                0x08000588                TIM8_UP_TIM13_IRQHandler
                0x08000588                I2C3_ER_IRQHandler
                0x08000588                EXTI0_IRQHandler
                0x08000588                I2C2_EV_IRQHandler
                0x08000588                DMA1_Stream2_IRQHandler
                0x08000588                CAN1_RX0_IRQHandler
                0x08000588                OTG_HS_WKUP_IRQHandler
                0x08000588                UsageFault_Handler
                0x08000588                CAN2_SCE_IRQHandler
                0x08000588                DMA2_Stream2_IRQHandler
                0x08000588                SPI1_IRQHandler
                0x08000588                TIM6_DAC_IRQHandler
                0x08000588                TIM1_BRK_TIM9_IRQHandler
                0x08000588                DCMI_IRQHandler
                0x08000588                CAN2_RX0_IRQHandler
                0x08000588                DMA2_Stream3_IRQHandler
                0x08000588                FMPI2C1_IRQHandler
                0x08000588                SAI2_IRQHandler
                0x08000588                USART6_IRQHandler
                0x08000588                USART3_IRQHandler
                0x08000588                CAN1_RX1_IRQHandler
                0x08000588                UART5_IRQHandler
                0x08000588                DMA2_Stream0_IRQHandler
                0x08000588                TIM4_IRQHandler
                0x08000588                I2C1_EV_IRQHandler
                0x08000588                HDMI_CEC_IRQHandler
                0x08000588                DMA1_Stream6_IRQHandler
                0x08000588                DMA1_Stream1_IRQHandler
                0x08000588                UART4_IRQHandler
                0x08000588                TIM3_IRQHandler
                0x08000588                RCC_IRQHandler
                0x08000588                TIM8_BRK_TIM12_IRQHandler
                0x08000588                Default_Handler
                0x08000588                EXTI15_10_IRQHandler
                0x08000588                ADC_IRQHandler
                0x08000588                DMA1_Stream7_IRQHandler
                0x08000588                TIM7_IRQHandler
                0x08000588                CAN2_TX_IRQHandler
                0x08000588                TIM5_IRQHandler
                0x08000588                DMA2_Stream7_IRQHandler
                0x08000588                I2C3_EV_IRQHandler
                0x08000588                EXTI9_5_IRQHandler
                0x08000588                RTC_WKUP_IRQHandler
                0x08000588                SPI2_IRQHandler
                0x08000588                OTG_HS_EP1_IN_IRQHandler
                0x08000588                MemManage_Handler
                0x08000588                DMA1_Stream0_IRQHandler
                0x08000588                CAN1_TX_IRQHandler
                0x08000588                SVC_Handler
                0x08000588                EXTI4_IRQHandler
                0x08000588                OTG_HS_EP1_OUT_IRQHandler
                0x08000588                WWDG_IRQHandler
                0x08000588                TIM2_IRQHandler
                0x08000588                OTG_FS_WKUP_IRQHandler
                0x08000588                TIM1_TRG_COM_TIM11_IRQHandler
                0x08000588                OTG_HS_IRQHandler
                0x08000588                EXTI1_IRQHandler
                0x08000588                USART2_IRQHandler
                0x08000588                I2C2_ER_IRQHandler
                0x08000588                DMA2_Stream1_IRQHandler
                0x08000588                CAN1_SCE_IRQHandler
                0x08000588                FLASH_IRQHandler
                0x08000588                DMA2_Stream4_IRQHandler
                0x08000588                BusFault_Handler
                0x08000588                USART1_IRQHandler
                0x08000588                OTG_FS_IRQHandler
                0x08000588                SPI3_IRQHandler
                0x08000588                DMA1_Stream4_IRQHandler
                0x08000588                I2C1_ER_IRQHandler
                0x08000588                FMC_IRQHandler
                0x08000588                DMA2_Stream6_IRQHandler
                0x08000588                SAI1_IRQHandler
                0x08000588                DMA1_Stream3_IRQHandler
 *fill*         0x0800058a        0x2 
 .text.__libc_init_array
                0x0800058c       0x48 C:/ST/STM32CubeIDE_1.15.1/STM32CubeIDE/plugins/com.st.stm32cube.ide.mcu.externaltools.gnu-tools-for-stm32.12.3.rel1.win32_1.0.200.202406191623/tools/bin/../lib/gcc/arm-none-eabi/12.3.1/../../../../arm-none-eabi/lib/thumb/v7e-m+fp/hard\libc_nano.a(libc_a-init.o)
                0x0800058c                __libc_init_array
 *(.glue_7)
 .glue_7        0x080005d4        0x0 linker stubs
 *(.glue_7t)
 .glue_7t       0x080005d4        0x0 linker stubs
 *(.eh_frame)
 .eh_frame      0x080005d4        0x0 C:/ST/STM32CubeIDE_1.15.1/STM32CubeIDE/plugins/com.st.stm32cube.ide.mcu.externaltools.gnu-tools-for-stm32.12.3.rel1.win32_1.0.200.202406191623/tools/bin/../lib/gcc/arm-none-eabi/12.3.1/thumb/v7e-m+fp/hard/crtbegin.o
 *(.init)
 .init          0x080005d4        0x4 C:/ST/STM32CubeIDE_1.15.1/STM32CubeIDE/plugins/com.st.stm32cube.ide.mcu.externaltools.gnu-tools-for-stm32.12.3.rel1.win32_1.0.200.202406191623/tools/bin/../lib/gcc/arm-none-eabi/12.3.1/thumb/v7e-m+fp/hard/crti.o
                0x080005d4                _init
 .init          0x080005d8        0x8 C:/ST/STM32CubeIDE_1.15.1/STM32CubeIDE/plugins/com.st.stm32cube.ide.mcu.externaltools.gnu-tools-for-stm32.12.3.rel1.win32_1.0.200.202406191623/tools/bin/../lib/gcc/arm-none-eabi/12.3.1/thumb/v7e-m+fp/hard/crtn.o
 *(.fini)
 .fini          0x080005e0        0x4 C:/ST/STM32CubeIDE_1.15.1/STM32CubeIDE/plugins/com.st.stm32cube.ide.mcu.externaltools.gnu-tools-for-stm32.12.3.rel1.win32_1.0.200.202406191623/tools/bin/../lib/gcc/arm-none-eabi/12.3.1/thumb/v7e-m+fp/hard/crti.o
                0x080005e0                _fini
 .fini          0x080005e4        0x8 C:/ST/STM32CubeIDE_1.15.1/STM32CubeIDE/plugins/com.st.stm32cube.ide.mcu.externaltools.gnu-tools-for-stm32.12.3.rel1.win32_1.0.200.202406191623/tools/bin/../lib/gcc/arm-none-eabi/12.3.1/thumb/v7e-m+fp/hard/crtn.o
                0x080005ec                        . = ALIGN (0x4)
                0x080005ec                        _etext = .

.vfp11_veneer   0x080005ec        0x0
 .vfp11_veneer  0x080005ec        0x0 linker stubs

.v4_bx          0x080005ec        0x0
 .v4_bx         0x080005ec        0x0 linker stubs

.iplt           0x080005ec        0x0
 .iplt          0x080005ec        0x0 C:/ST/STM32CubeIDE_1.15.1/STM32CubeIDE/plugins/com.st.stm32cube.ide.mcu.externaltools.gnu-tools-for-stm32.12.3.rel1.win32_1.0.200.202406191623/tools/bin/../lib/gcc/arm-none-eabi/12.3.1/thumb/v7e-m+fp/hard/crtbegin.o

.rodata         0x080005ec        0x0
                0x080005ec                        . = ALIGN (0x4)
 *(.rodata)
 *(.rodata*)
                0x080005ec                        . = ALIGN (0x4)

.ARM.extab      0x080005ec        0x0
                0x080005ec                        . = ALIGN (0x4)
 *(.ARM.extab* .gnu.linkonce.armextab.*)
                0x080005ec                        . = ALIGN (0x4)

.ARM            0x080005ec        0x0
                0x080005ec                        . = ALIGN (0x4)
                0x080005ec                        __exidx_start = .
 *(.ARM.exidx*)
                0x080005ec                        __exidx_end = .
                0x080005ec                        . = ALIGN (0x4)

.preinit_array  0x080005ec        0x0
                0x080005ec                        . = ALIGN (0x4)
                0x080005ec                        PROVIDE (__preinit_array_start = .)
 *(.preinit_array*)
                0x080005ec                        PROVIDE (__preinit_array_end = .)
                0x080005ec                        . = ALIGN (0x4)

.init_array     0x080005ec        0x4
                0x080005ec                        . = ALIGN (0x4)
                0x080005ec                        PROVIDE (__init_array_start = .)
 *(SORT_BY_NAME(.init_array.*))
 *(.init_array*)
 .init_array    0x080005ec        0x4 C:/ST/STM32CubeIDE_1.15.1/STM32CubeIDE/plugins/com.st.stm32cube.ide.mcu.externaltools.gnu-tools-for-stm32.12.3.rel1.win32_1.0.200.202406191623/tools/bin/../lib/gcc/arm-none-eabi/12.3.1/thumb/v7e-m+fp/hard/crtbegin.o
                0x080005f0                        PROVIDE (__init_array_end = .)
                0x080005f0                        . = ALIGN (0x4)

.fini_array     0x080005f0        0x4
                0x080005f0                        . = ALIGN (0x4)
                [!provide]                        PROVIDE (__fini_array_start = .)
 *(SORT_BY_NAME(.fini_array.*))
 *(.fini_array*)
 .fini_array    0x080005f0        0x4 C:/ST/STM32CubeIDE_1.15.1/STM32CubeIDE/plugins/com.st.stm32cube.ide.mcu.externaltools.gnu-tools-for-stm32.12.3.rel1.win32_1.0.200.202406191623/tools/bin/../lib/gcc/arm-none-eabi/12.3.1/thumb/v7e-m+fp/hard/crtbegin.o
                [!provide]                        PROVIDE (__fini_array_end = .)
                0x080005f4                        . = ALIGN (0x4)
                0x080005f4                        _sidata = LOADADDR (.data)

.rel.dyn        0x080005f4        0x0
 .rel.iplt      0x080005f4        0x0 C:/ST/STM32CubeIDE_1.15.1/STM32CubeIDE/plugins/com.st.stm32cube.ide.mcu.externaltools.gnu-tools-for-stm32.12.3.rel1.win32_1.0.200.202406191623/tools/bin/../lib/gcc/arm-none-eabi/12.3.1/thumb/v7e-m+fp/hard/crtbegin.o

.data           0x20000000        0x0 load address 0x080005f4
                0x20000000                        . = ALIGN (0x4)
                0x20000000                        _sdata = .
 *(.data)
 *(.data*)
 *(.RamFunc)
 *(.RamFunc*)
                0x20000000                        . = ALIGN (0x4)
                0x20000000                        _edata = .

.igot.plt       0x20000000        0x0 load address 0x080005f4
 .igot.plt      0x20000000        0x0 C:/ST/STM32CubeIDE_1.15.1/STM32CubeIDE/plugins/com.st.stm32cube.ide.mcu.externaltools.gnu-tools-for-stm32.12.3.rel1.win32_1.0.200.202406191623/tools/bin/../lib/gcc/arm-none-eabi/12.3.1/thumb/v7e-m+fp/hard/crtbegin.o
                0x20000000                        . = ALIGN (0x4)

.bss            0x20000000       0x2c load address 0x080005f4
                0x20000000                        _sbss = .
                0x20000000                        __bss_start__ = _sbss
 *(.bss)
 .bss           0x20000000       0x1c C:/ST/STM32CubeIDE_1.15.1/STM32CubeIDE/plugins/com.st.stm32cube.ide.mcu.externaltools.gnu-tools-for-stm32.12.3.rel1.win32_1.0.200.202406191623/tools/bin/../lib/gcc/arm-none-eabi/12.3.1/thumb/v7e-m+fp/hard/crtbegin.o
 *(.bss*)
 .bss.adc_val   0x2000001c        0x4 ./Src/main.o
                0x2000001c                adc_val
 .bss.last_adc_val
                0x20000020        0x4 ./Src/main.o
                0x20000020                last_adc_val
 .bss.rx        0x20000024        0x8 ./Src/main.o
                0x20000024                rx
 *(COMMON)
                0x2000002c                        . = ALIGN (0x4)
                0x2000002c                        _ebss = .
                0x2000002c                        __bss_end__ = _ebss

._user_heap_stack
                0x2000002c      0x604 load address 0x080005f4
                0x20000030                        . = ALIGN (0x8)
 *fill*         0x2000002c        0x4 
                [!provide]                        PROVIDE (end = .)
                0x20000030                        PROVIDE (_end = .)
                0x20000230                        . = (. + _Min_Heap_Size)
 *fill*         0x20000030      0x200 
                0x20000630                        . = (. + _Min_Stack_Size)
 *fill*         0x20000230      0x400 
                0x20000630                        . = ALIGN (0x8)

/DISCARD/
 libc.a(*)
 libm.a(*)
 libgcc.a(*)

.ARM.attributes
                0x00000000       0x30
 *(.ARM.attributes)
 .ARM.attributes
                0x00000000       0x22 C:/ST/STM32CubeIDE_1.15.1/STM32CubeIDE/plugins/com.st.stm32cube.ide.mcu.externaltools.gnu-tools-for-stm32.12.3.rel1.win32_1.0.200.202406191623/tools/bin/../lib/gcc/arm-none-eabi/12.3.1/thumb/v7e-m+fp/hard/crti.o
 .ARM.attributes
                0x00000022       0x34 C:/ST/STM32CubeIDE_1.15.1/STM32CubeIDE/plugins/com.st.stm32cube.ide.mcu.externaltools.gnu-tools-for-stm32.12.3.rel1.win32_1.0.200.202406191623/tools/bin/../lib/gcc/arm-none-eabi/12.3.1/thumb/v7e-m+fp/hard/crtbegin.o
 .ARM.attributes
                0x00000056       0x34 ./Src/adc.o
 .ARM.attributes
                0x0000008a       0x34 ./Src/gpio.o
 .ARM.attributes
                0x000000be       0x34 ./Src/main.o
 .ARM.attributes
                0x000000f2       0x34 ./Src/uart.o
 .ARM.attributes
                0x00000126       0x21 ./Startup/startup_stm32f446retx.o
 .ARM.attributes
                0x00000147       0x34 C:/ST/STM32CubeIDE_1.15.1/STM32CubeIDE/plugins/com.st.stm32cube.ide.mcu.externaltools.gnu-tools-for-stm32.12.3.rel1.win32_1.0.200.202406191623/tools/bin/../lib/gcc/arm-none-eabi/12.3.1/../../../../arm-none-eabi/lib/thumb/v7e-m+fp/hard\libc_nano.a(libc_a-init.o)
 .ARM.attributes
                0x0000017b       0x22 C:/ST/STM32CubeIDE_1.15.1/STM32CubeIDE/plugins/com.st.stm32cube.ide.mcu.externaltools.gnu-tools-for-stm32.12.3.rel1.win32_1.0.200.202406191623/tools/bin/../lib/gcc/arm-none-eabi/12.3.1/thumb/v7e-m+fp/hard/crtn.o
OUTPUT(SuProject5.elf elf32-littlearm)
LOAD linker stubs
LOAD C:/ST/STM32CubeIDE_1.15.1/STM32CubeIDE/plugins/com.st.stm32cube.ide.mcu.externaltools.gnu-tools-for-stm32.12.3.rel1.win32_1.0.200.202406191623/tools/bin/../lib/gcc/arm-none-eabi/12.3.1/../../../../arm-none-eabi/lib/thumb/v7e-m+fp/hard\libc.a
LOAD C:/ST/STM32CubeIDE_1.15.1/STM32CubeIDE/plugins/com.st.stm32cube.ide.mcu.externaltools.gnu-tools-for-stm32.12.3.rel1.win32_1.0.200.202406191623/tools/bin/../lib/gcc/arm-none-eabi/12.3.1/../../../../arm-none-eabi/lib/thumb/v7e-m+fp/hard\libm.a
LOAD C:/ST/STM32CubeIDE_1.15.1/STM32CubeIDE/plugins/com.st.stm32cube.ide.mcu.externaltools.gnu-tools-for-stm32.12.3.rel1.win32_1.0.200.202406191623/tools/bin/../lib/gcc/arm-none-eabi/12.3.1/thumb/v7e-m+fp/hard\libgcc.a

.debug_info     0x00000000      0xcbd
 .debug_info    0x00000000      0x3d2 ./Src/adc.o
 .debug_info    0x000003d2      0x30f ./Src/gpio.o
 .debug_info    0x000006e1      0x28b ./Src/main.o
 .debug_info    0x0000096c      0x321 ./Src/uart.o
 .debug_info    0x00000c8d       0x30 ./Startup/startup_stm32f446retx.o

.debug_abbrev   0x00000000      0x46a
 .debug_abbrev  0x00000000      0x104 ./Src/adc.o
 .debug_abbrev  0x00000104       0xfb ./Src/gpio.o
 .debug_abbrev  0x000001ff      0x13b ./Src/main.o
 .debug_abbrev  0x0000033a      0x10c ./Src/uart.o
 .debug_abbrev  0x00000446       0x24 ./Startup/startup_stm32f446retx.o

.debug_aranges  0x00000000       0xd0
 .debug_aranges
                0x00000000       0x30 ./Src/adc.o
 .debug_aranges
                0x00000030       0x28 ./Src/gpio.o
 .debug_aranges
                0x00000058       0x20 ./Src/main.o
 .debug_aranges
                0x00000078       0x30 ./Src/uart.o
 .debug_aranges
                0x000000a8       0x28 ./Startup/startup_stm32f446retx.o

.debug_rnglists
                0x00000000       0x84
 .debug_rnglists
                0x00000000       0x1f ./Src/adc.o
 .debug_rnglists
                0x0000001f       0x19 ./Src/gpio.o
 .debug_rnglists
                0x00000038       0x14 ./Src/main.o
 .debug_rnglists
                0x0000004c       0x1f ./Src/uart.o
 .debug_rnglists
                0x0000006b       0x19 ./Startup/startup_stm32f446retx.o

.debug_macro    0x00000000    0x15ff1
 .debug_macro   0x00000000       0x76 ./Src/adc.o
 .debug_macro   0x00000076      0xaba ./Src/adc.o
 .debug_macro   0x00000b30       0x22 ./Src/adc.o
 .debug_macro   0x00000b52       0x8e ./Src/adc.o
 .debug_macro   0x00000be0       0x51 ./Src/adc.o
 .debug_macro   0x00000c31      0x103 ./Src/adc.o
 .debug_macro   0x00000d34       0x6a ./Src/adc.o
 .debug_macro   0x00000d9e      0x1df ./Src/adc.o
 .debug_macro   0x00000f7d    0x14282 ./Src/adc.o
 .debug_macro   0x000151ff       0x76 ./Src/gpio.o
 .debug_macro   0x00015275      0x167 ./Src/main.o
 .debug_macro   0x000153dc       0x61 ./Src/main.o
 .debug_macro   0x0001543d       0x2a ./Src/main.o
 .debug_macro   0x00015467       0x43 ./Src/main.o
 .debug_macro   0x000154aa       0x34 ./Src/main.o
 .debug_macro   0x000154de       0x16 ./Src/main.o
 .debug_macro   0x000154f4       0x9e ./Src/main.o
 .debug_macro   0x00015592      0x369 ./Src/main.o
 .debug_macro   0x000158fb      0x10b ./Src/main.o
 .debug_macro   0x00015a06       0x10 ./Src/main.o
 .debug_macro   0x00015a16       0x16 ./Src/main.o
 .debug_macro   0x00015a2c       0x43 ./Src/main.o
 .debug_macro   0x00015a6f       0x34 ./Src/main.o
 .debug_macro   0x00015aa3       0x10 ./Src/main.o
 .debug_macro   0x00015ab3       0x58 ./Src/main.o
 .debug_macro   0x00015b0b       0x8e ./Src/main.o
 .debug_macro   0x00015b99       0x1c ./Src/main.o
 .debug_macro   0x00015bb5      0x177 ./Src/main.o
 .debug_macro   0x00015d2c       0x16 ./Src/main.o
 .debug_macro   0x00015d42       0x16 ./Src/main.o
 .debug_macro   0x00015d58      0x146 ./Src/main.o
 .debug_macro   0x00015e9e      0x153 ./Src/uart.o

.debug_line     0x00000000     0x1616
 .debug_line    0x00000000      0x49e ./Src/adc.o
 .debug_line    0x0000049e      0x499 ./Src/gpio.o
 .debug_line    0x00000937      0x64a ./Src/main.o
 .debug_line    0x00000f81      0x61a ./Src/uart.o
 .debug_line    0x0000159b       0x7b ./Startup/startup_stm32f446retx.o

.debug_str      0x00000000    0x7a602
 .debug_str     0x00000000    0x76b24 ./Src/adc.o
                              0x76c92 (size before relaxing)
 .debug_str     0x00076b24       0x29 ./Src/gpio.o
                              0x76c2f (size before relaxing)
 .debug_str     0x00076b4d     0x3a61 ./Src/main.o
                              0x7a63f (size before relaxing)
 .debug_str     0x0007a5ae       0x15 ./Src/uart.o
                              0x7a6b9 (size before relaxing)
 .debug_str     0x0007a5c3       0x3f ./Startup/startup_stm32f446retx.o
                                 0x7d (size before relaxing)

.comment        0x00000000       0x43
 .comment       0x00000000       0x43 ./Src/adc.o
                                 0x44 (size before relaxing)
 .comment       0x00000043       0x44 ./Src/gpio.o
 .comment       0x00000043       0x44 ./Src/main.o
 .comment       0x00000043       0x44 ./Src/uart.o

.debug_frame    0x00000000      0x19c
 .debug_frame   0x00000000       0x70 ./Src/adc.o
 .debug_frame   0x00000070       0x58 ./Src/gpio.o
 .debug_frame   0x000000c8       0x30 ./Src/main.o
 .debug_frame   0x000000f8       0x78 ./Src/uart.o
 .debug_frame   0x00000170       0x2c C:/ST/STM32CubeIDE_1.15.1/STM32CubeIDE/plugins/com.st.stm32cube.ide.mcu.externaltools.gnu-tools-for-stm32.12.3.rel1.win32_1.0.200.202406191623/tools/bin/../lib/gcc/arm-none-eabi/12.3.1/../../../../arm-none-eabi/lib/thumb/v7e-m+fp/hard\libc_nano.a(libc_a-init.o)

.debug_line_str
                0x00000000       0x61
 .debug_line_str
                0x00000000       0x61 ./Startup/startup_stm32f446retx.o
